// Jest Snapshot v1, https://goo.gl/fbAQLP

exports[`<Row /> 1. should render the reading 1`] = `
.c0 {
  display: -webkit-box;
  display: -webkit-flex;
  display: -ms-flexbox;
  display: flex;
}

<div
  class="c0"
  data-testid="row"
>
  a simple description
</div>
`;
